
> frontend@0.1.0 build
> next build

  Γû▓ Next.js 14.2.33
  - Environments: .env.local

   Creating an optimized production build ...
node.exe : (node:89452) 
ExperimentalWarning: Type Stripping is 
an experimental feature and might change 
at any time
At C:\Program Files\nodejs\npm.ps1:29 
char:3
+   & $NODE_EXE $NPM_CLI_JS $args
+   ~~~~~~~~~~~~~~~~~~~~~~~~~~~~~
    + CategoryInfo          : NotSpecifi 
   ed: ((node:89452) Ex...nge at any ti  
  me:String) [], RemoteException
    + FullyQualifiedErrorId : NativeComm 
   andError
 
(Use `node --trace-warnings ...` to show 
where the warning was created)
 Γ£ô Compiled successfully
   Skipping linting
   Checking validity of types ...
Failed to compile.

./app/api/audit-logs/route.ts:12:24
Type error: 'getLevel3Operations' is 
declared but its value is never read.

[0m [90m 10 |[39m   
createErrorResponse[33m,[39m[0m
[0m [90m 11 |[39m } [36mfrom[39m 
[32m'@/lib/middleware/auth'[39m[0m
[0m[31m[1m>[22m[39m[90m 12 |[39m 
[36mimport[39m { 
getAuditLogs[33m,[39m 
getLevel3Operations[33m,[39m 
exportAuditLogsToCSV } [36mfrom[39m 
[32m'@/lib/utils/audit-log'[39m[0m
[0m [90m    |[39m                     
   [31m[1m^[22m[39m[0m
[0m [90m 13 |[39m[0m
[0m [90m 14 |[39m [90m// GET 
/api/audit-logs - Get audit logs 
(requires audit permission)[39m[0m
[0m [90m 15 |[39m [36mexport[39m 
[36masync[39m [36mfunction[39m 
[33mGET[39m(request[33m:[39m 
[33mNextRequest[39m) {[0m
Next.js build worker exited with code: 1 
and signal: null
